#-----------------------------------------------------------
# Webtalk v2017.3 (64-bit)
# SW Build 2018833 on Wed Oct  4 19:58:22 MDT 2017
# IP Build 2016188 on Wed Oct  4 21:52:56 MDT 2017
# Start of session at: Fri Feb  9 02:32:25 2018
# Process ID: 13960
# Current directory: C:/Users/Gogol/Desktop/ClassWork/EE175/FPGA/USB/Sync245/FT232H/FT232H.sim/sim_1/behav/xsim
# Command line: wbtcv.exe -mode batch -source C:/Users/Gogol/Desktop/ClassWork/EE175/FPGA/USB/Sync245/FT232H/FT232H.sim/sim_1/behav/xsim/xsim.dir/TmpImage_Test_bench_behav/webtalk/xsim_webtalk.tcl -notrace
# Log file: C:/Users/Gogol/Desktop/ClassWork/EE175/FPGA/USB/Sync245/FT232H/FT232H.sim/sim_1/behav/xsim/webtalk.log
# Journal file: C:/Users/Gogol/Desktop/ClassWork/EE175/FPGA/USB/Sync245/FT232H/FT232H.sim/sim_1/behav/xsim\webtalk.jou
#-----------------------------------------------------------
source C:/Users/Gogol/Desktop/ClassWork/EE175/FPGA/USB/Sync245/FT232H/FT232H.sim/sim_1/behav/xsim/xsim.dir/TmpImage_Test_bench_behav/webtalk/xsim_webtalk.tcl -notrace
